=== DELIVERY LOGIC TEST SUITE ===
Reference Date (Today): Sun Jan 25 2026

WAREHOUSE LOCATION: 516001 (Andhra Pradesh, Zone 5)

[Test Card] -> Cuddapah Center (Local)
Destination ZIP: 516004
Logic Applied  : Local (Same Cluster)
Days to Deliver: 2 days
Arrival Date   : Tue, 27 Jan
-----------------------------------------
[Test Card] -> Kurnool (Same Sub-Zone)
Destination ZIP: 518001
Logic Applied  : Nearby (Same Sub-Zone)
Days to Deliver: 3 days
Arrival Date   : Wed, 28 Jan
-----------------------------------------
[Test Card] -> Bangalore (Same Zone)
Destination ZIP: 560001
Logic Applied  : Regional (Same Main Zone)
Days to Deliver: 4 days
Arrival Date   : Thu, 29 Jan
-----------------------------------------
[Test Card] -> Chennai (Neighboring Zone 6)
Destination ZIP: 600001
Logic Applied  : Inter-State (Neighboring Zone)
Days to Deliver: 5 days
Arrival Date   : Fri, 30 Jan
-----------------------------------------
[Test Card] -> Mumbai (Neighboring Zone 4)
Destination ZIP: 400001
Logic Applied  : Inter-State (Neighboring Zone)
Days to Deliver: 5 days
Arrival Date   : Fri, 30 Jan
-----------------------------------------
[Test Card] -> Delhi (Distant Zone 1)
Destination ZIP: 110001
Logic Applied  : National (Distant Region)
Days to Deliver: 7 days
Arrival Date   : Sun, 1 Feb
-----------------------------------------
[Test Card] -> Kolkata (Distant Zone 7)
Destination ZIP: 700001
Logic Applied  : National (Distant Region)
Days to Deliver: 7 days
Arrival Date   : Sun, 1 Feb
-----------------------------------------
